pop1	pop2	chromosome	window_pos_1	window_pos_2	avg_wc_fst	no_snps
BFS	KES	1	200	1000	0.1975903238934132	14
BFS	KES	1	3540	5000	0.0879712067336354	23
BFS	KES	X	1	1000	0.2250727834668532	17
BFS	KES	X	1540	5000	0.1295411573814597	33
