pop1	pop2	chromosome	window_pos_1	window_pos_2	avg_dxy	no_sites	count_diffs	count_comparisons	count_missing
BFS	KES	1	200	1000	0.0016816232214361	801	1700	1010928	27168
BFS	KES	1	1500	1530	0.0	31	0	37800	2376
BFS	KES	1	3540	5000	0.0009217345253256	1328	1462	1586140	274916
BFS	KES	X	1	1000	0.001826877001841	1000	2318	1268832	27168
BFS	KES	X	1500	1530	0.0	31	0	37800	2376
BFS	KES	X	1540	5000	0.0011211355414209	3328	4408	3931728	521328
